<!DOCTYPE html>
<html>
<head>
    <meta charset="UTF-8">
    <title>Hello {name ?: Qute}</title>
    <style>
        body {
            background-color: #000;
            color: #fff;
        }
        h1 {
            color: #4695EB;
        }

        h1 b {
            color: #be9100;
        }
    </style>
</head>
<body>
<h1>Hello <b>{name ?: Qute}</b></h1>

<p>Create your web page using Quarkus RESTEasy & Qute</p>
</body>
</html>
